exports[`test array of strings 1`] = `"t.list(t.String);"`;

exports[`test array of strings and numbers 1`] = `"t.list(t.union([t.String, t.Number]));"`;

exports[`test boolean 1`] = `"t.Boolean;"`;

exports[`test empty array 1`] = `"t.list(t.Any);"`;

exports[`test empty object 1`] = `"t.struct({});"`;

exports[`test nested objects 1`] = `
"t.struct({
  a: t.struct({
    b: t.struct({
      c: t.String
    })
  })
});"
`;

exports[`test number 1`] = `"t.Number;"`;

exports[`test number 2`] = `"t.Number;"`;

exports[`test string 1`] = `"t.String;"`;
